// Jest Snapshot v1, https://goo.gl/fbAQLP

exports[`Button should accept text, type, style, onClick as props 1`] = `
<button
  disabled={false}
  onClick={[Function]}
  style={Object {}}
>
  TEST
</button>
`;
